[2022.ieeeicme.org/index.html]
[backblue.gif]
[fade.gif]
[index.html]
[cdn-cookieyes.com/client_data/369e5296de173a66739ac361/script.js]
[2022.ieeeicme.org/assets/favicon.ico]
[cdn.jsdelivr.net/npm/bootstrap@5.1.3/dist/css/bootstrap.min.css]
[2022.ieeeicme.org/assets/css/main.css]
[2022.ieeeicme.org/assets/js/partials/navbar.js]
[2022.ieeeicme.org/assets/js/partials/banner.js]
[2022.ieeeicme.org/registration.html]
[2022.ieeeicme.org/cf-multimedia-star.html]
[2022.ieeeicme.org/at-a-glance.html]
[2022.ieeeicme.org/program-guide.html]
[2022.ieeeicme.org/camera-ready-instructions.html]
[2022.ieeeicme.org/assets/Camera_Ready_Instruction.pdf]
[2022.ieeeicme.org/assets/pdf.jpg]
[2022.ieeeicme.org/workshops.html]
[2022.ieeeicme.org/keynote-speakers.html]
[2022.ieeeicme.org/assets/accept_list.pdf]
[2022.ieeeicme.org/author-info.html]
[2022.ieeeicme.org/tutorials.html]
[2022.ieeeicme.org/special-sessions.html]
[2022.ieeeicme.org/cf-papers.html]
[2022.ieeeicme.org/assets/ICME_2022_CFP.pdf]
[2022.ieeeicme.org/assets/js/partials/sponsers.js]
[2022.ieeeicme.org/assets/js/partials/footer.js]
[2022.ieeeicme.org/assets/js/jquery.min.js]
[2022.ieeeicme.org/assets/js/jquery.dropotron.min.js]
[2022.ieeeicme.org/assets/js/browser.min.js]
[2022.ieeeicme.org/assets/js/breakpoints.min.js]
[2022.ieeeicme.org/assets/js/util.js]
[2022.ieeeicme.org/assets/js/main.js]
[2022.ieeeicme.org/index.html]
[cdn.jsdelivr.net/npm/bootstrap@5.1.3/dist/css/bootstrap.min.css]
[2022.ieeeicme.org/assets/css/fontawesome-all.min.css]
[2022.ieeeicme.org/assets/images/taipei5.jpg]
[2022.ieeeicme.org/assets/css/main.css]
[2022.ieeeicme.org/registration.html]
[2022.ieeeicme.org/cf-multimedia-star.html]
[2022.ieeeicme.org/at-a-glance.html]
[2022.ieeeicme.org/part1_1.html]
[2022.ieeeicme.org/assets/ICME22_program_guide.pdf]
[2022.ieeeicme.org/program-guide.html]
[cdn.jsdelivr.net/npm/bootstrap@5.1.3/dist/js/bootstrap.bundle.min.js]
[2022.ieeeicme.org/assets/templates/MSWord_template_ICME2022.docx]
[2022.ieeeicme.org/assets/templates/latex_template_ICME2022.zip]
[2022.ieeeicme.org/cf-industry-track-papers.html]
[2022.ieeeicme.org/cf-demonstrations.html]
[2022.ieeeicme.org/grand-challenges.html]
[2022.ieeeicme.org/camera-ready-instructions.html]
[2022.ieeeicme.org/workshops.html]
[2022.ieeeicme.org/assets/images/keynote-speakers/Nicu_Sebe.jpg]
[2022.ieeeicme.org/assets/images/keynote-speakers/Jia_Li.jpg]
[2022.ieeeicme.org/assets/images/keynote-speakers/Jianfeng_Gao.jpg]
[2022.ieeeicme.org/assets/images/keynote-speakers/Ted_Chang.jpg]
[2022.ieeeicme.org/keynote-speakers.html]
[2022.ieeeicme.org/assets/templates/icme2022template.docx]
[2022.ieeeicme.org/assets/templates/icme2022template.zip]
[2022.ieeeicme.org/cf-ss-proposals.html]
[2022.ieeeicme.org/cf-workshop-proposals.html]
[2022.ieeeicme.org/important-dates.html]
[2022.ieeeicme.org/cf-gc-proposals.html]
[2022.ieeeicme.org/author-info.html]
[2022.ieeeicme.org/assets/images/tutorials/Ali_C_Begen.jpg]
[2022.ieeeicme.org/assets/images/tutorials/Ivan_Bajic.jpg]
[2022.ieeeicme.org/assets/images/tutorials/Yuezun_Li.jpg]
[2022.ieeeicme.org/assets/images/tutorials/Siwei_Lyu.jpg]
[2022.ieeeicme.org/assets/images/tutorials/Yipeng_Liu.jpg]
[2022.ieeeicme.org/tutorials.html]
[2022.ieeeicme.org/special-sessions.html]
[2022.ieeeicme.org/cf-papers.html]
[2022.ieeeicme.org/assets/webfonts/fa-brands-400.eot]
[2022.ieeeicme.org/assets/webfonts/fa-brands-400d41d.eot]
[2022.ieeeicme.org/assets/webfonts/fa-brands-400.woff2]
[2022.ieeeicme.org/assets/webfonts/fa-brands-400.woff]
[2022.ieeeicme.org/assets/webfonts/fa-brands-400.ttf]
[2022.ieeeicme.org/assets/webfonts/fa-regular-400.eot]
[2022.ieeeicme.org/assets/webfonts/fa-regular-400d41d.eot]
[2022.ieeeicme.org/assets/webfonts/fa-regular-400.woff2]
[2022.ieeeicme.org/assets/webfonts/fa-regular-400.woff]
[2022.ieeeicme.org/assets/webfonts/fa-regular-400.ttf]
[2022.ieeeicme.org/assets/webfonts/fa-solid-900.eot]
[2022.ieeeicme.org/assets/webfonts/fa-solid-900d41d.eot]
[2022.ieeeicme.org/assets/webfonts/fa-solid-900.woff2]
[2022.ieeeicme.org/assets/webfonts/fa-solid-900.woff]
[2022.ieeeicme.org/assets/webfonts/fa-solid-900.ttf]
[2022.ieeeicme.org/assets/css/fontawesome-all.min.css]
[2022.ieeeicme.org/assets/css/assets/images/bg01.html]
[2022.ieeeicme.org/assets/css/assets/images/bg02.html]
[2022.ieeeicme.org/assets/css/assets/images/bg03.html]
[2022.ieeeicme.org/assets/css/assets/images/bg04.html]
[2022.ieeeicme.org/assets/css/style_1.css]
[2022.ieeeicme.org/index-2.html]
[2022.ieeeicme.org/assets/images/ICME2022_logo_sm.png]
[2022.ieeeicme.org/assets/js/partials/regis_footer.js]
[2022.ieeeicme.org/assets/js/registration/jquery/jquery-2.2.4.min.js]
[2022.ieeeicme.org/virtual/accounts/login/index61c0.html]
[2022.ieeeicme.org/assets/js/registration/bootstrap/popper.min.js]
[2022.ieeeicme.org/assets/js/registration/bootstrap/bootstrap.min.js]
[2022.ieeeicme.org/assets/js/registration/plugins/plugins.js]
[2022.ieeeicme.org/assets/js/registration/active.js]
[2022.ieeeicme.org/part1_1.html]
[2022.ieeeicme.org/cf-industry-track-papers.html]
[2022.ieeeicme.org/cf-demonstrations.html]
[2022.ieeeicme.org/grand-challenges.html]
[2022.ieeeicme.org/cf-ss-proposals.html]
[2022.ieeeicme.org/cf-workshop-proposals.html]
[2022.ieeeicme.org/important-dates.html]
[2022.ieeeicme.org/cf-gc-proposals.html]
[2022.ieeeicme.org/assets/webfonts/fa-brands-400.svg]
[2022.ieeeicme.org/assets/webfonts/fa-regular-400.svg]
[2022.ieeeicme.org/assets/webfonts/fa-solid-900.svg]
[2022.ieeeicme.org/assets/css/regis_css/bootstrap.min.css]
[2022.ieeeicme.org/assets/css/regis_css/owl.carousel.min.css]
[2022.ieeeicme.org/assets/css/regis_css/animate.css]
[2022.ieeeicme.org/assets/css/regis_css/magnific-popup.css]
[2022.ieeeicme.org/assets/css/regis_css/font-awesome.min.css]
[2022.ieeeicme.org/assets/css/regis_css/classy-nav.min.css]
[2022.ieeeicme.org/assets/css/login_1.png]
[2022.ieeeicme.org/assets/css/style_1.css]
[2022.ieeeicme.org/index-2.html]
[2022.ieeeicme.org/virtual/static/img/pin.png]
[2022.ieeeicme.org/virtual/static/css/main.css]
[2022.ieeeicme.org/virtual/static/img/logo.png]
[2022.ieeeicme.org/virtual/static/js/jquery.min.js]
[2022.ieeeicme.org/virtual/accounts/password_reset/index.html]
[2022.ieeeicme.org/virtual/static/js/jquery.dropotron.min.js]
[2022.ieeeicme.org/virtual/static/js/browser.min.js]
[2022.ieeeicme.org/virtual/static/js/breakpoints.min.js]
[2022.ieeeicme.org/virtual/static/js/util.js]
[2022.ieeeicme.org/virtual/static/js/main.js]
[2022.ieeeicme.org/virtual/accounts/login/index61c0.html]
[2022.ieeeicme.org/assets/css/regis_css/bootstrap.min.css]
[widget.time.is/t.js]
[2022.ieeeicme.org/assets/css/regis_css/owl.carousel.min.css]
[2022.ieeeicme.org/assets/css/regis_css/animate.css]
[2022.ieeeicme.org/assets/css/regis_css/magnific-popup.css]
[2022.ieeeicme.org/assets/css/fonts/fontawesome-webfont3e6e.eot]
[2022.ieeeicme.org/assets/css/fonts/fontawesome-webfontd41d.eot]
[2022.ieeeicme.org/assets/css/fonts/fontawesome-webfont3e6e.woff2]
[2022.ieeeicme.org/assets/css/fonts/fontawesome-webfont3e6e.woff]
[2022.ieeeicme.org/assets/css/fonts/fontawesome-webfont3e6e.ttf]
[2022.ieeeicme.org/assets/css/regis_css/font-awesome.min.css]
[2022.ieeeicme.org/assets/css/fonts/classycb9b.eot]
[2022.ieeeicme.org/assets/css/fonts/classycb9b.ttf]
[2022.ieeeicme.org/assets/css/fonts/classycb9b.woff]
[2022.ieeeicme.org/assets/css/regis_css/classy-nav.min.css]
[2022.ieeeicme.org/virtual/static/css/fontawesome-all.min.css]
[2022.ieeeicme.org/virtual/static/img/cartoonTaiwan.jpg]
[2022.ieeeicme.org/virtual/static/img/login.png]
[2022.ieeeicme.org/virtual/static/css/main.css]
[2022.ieeeicme.org/virtual/accounts/password_reset/index.html]
[2022.ieeeicme.org/assets/css/regis_css/owl.video.play.html]
[2022.ieeeicme.org/assets/css/fonts/fontawesome-webfont3e6e.svg]
[2022.ieeeicme.org/assets/css/fonts/classycb9b.svg]
[2022.ieeeicme.org/virtual/accounts/login/index.html]
[2022.ieeeicme.org/virtual/static/webfonts/fa-brands-400.eot]
[2022.ieeeicme.org/virtual/static/webfonts/fa-brands-400d41d.eot]
[2022.ieeeicme.org/virtual/static/webfonts/fa-brands-400.woff2]
[2022.ieeeicme.org/virtual/static/webfonts/fa-brands-400.woff]
[2022.ieeeicme.org/virtual/static/webfonts/fa-brands-400.ttf]
[2022.ieeeicme.org/virtual/static/webfonts/fa-regular-400.eot]
[2022.ieeeicme.org/virtual/static/webfonts/fa-regular-400d41d.eot]
[2022.ieeeicme.org/virtual/static/webfonts/fa-regular-400.woff2]
[2022.ieeeicme.org/virtual/static/webfonts/fa-regular-400.woff]
[2022.ieeeicme.org/virtual/static/webfonts/fa-regular-400.ttf]
[2022.ieeeicme.org/virtual/static/webfonts/fa-solid-900.eot]
[2022.ieeeicme.org/virtual/static/webfonts/fa-solid-900d41d.eot]
[2022.ieeeicme.org/virtual/static/webfonts/fa-solid-900.woff2]
[2022.ieeeicme.org/virtual/static/webfonts/fa-solid-900.woff]
[2022.ieeeicme.org/virtual/static/webfonts/fa-solid-900.ttf]
[2022.ieeeicme.org/virtual/static/css/fontawesome-all.min.css]
[2022.ieeeicme.org/virtual/static/css/images/bg01.html]
[2022.ieeeicme.org/virtual/static/css/images/bg03.html]
[2022.ieeeicme.org/virtual/static/css/images/bg04.html]
[2022.ieeeicme.org/virtual/static/css/images/bg02.html]
[2022.ieeeicme.org/virtual/accounts/login/index.html]
[2022.ieeeicme.org/virtual/static/webfonts/fa-brands-400.svg]
[2022.ieeeicme.org/virtual/static/webfonts/fa-regular-400.svg]
[2022.ieeeicme.org/virtual/static/webfonts/fa-solid-900.svg]
